---
http_interactions:
- request:
    method: get
    uri: https://horizon-testnet.stellar.org/
    body:
      encoding: US-ASCII
      string: ''
    headers:
      User-Agent:
      - Faraday v0.17.3
      Accept:
      - application/hal+json,application/problem+json,application/json
      X-Client-Name:
      - ruby-stellar-sdk
      X-Client-Version:
      - 0.8.0
  response:
    status:
      code: 200
      message: OK
    headers:
      Cache-Control:
      - no-cache, no-store, max-age=0
      Content-Disposition:
      - inline
      Content-Type:
      - application/hal+json; charset=utf-8
      Date:
      - Tue, 31 Mar 2020 19:10:56 GMT
      Vary:
      - Origin
      X-Ratelimit-Limit:
      - '101'
      X-Ratelimit-Remaining:
      - '100'
      X-Ratelimit-Reset:
      - '1'
      Content-Length:
      - '2496'
      Connection:
      - keep-alive
    body:
      encoding: ASCII-8BIT
      string: |-
        {
          "_links": {
            "account": {
              "href": "https://horizon-testnet.stellar.org/accounts/{account_id}",
              "templated": true
            },
            "accounts": {
              "href": "https://horizon-testnet.stellar.org/accounts{?signer,asset,cursor,limit,order}",
              "templated": true
            },
            "account_transactions": {
              "href": "https://horizon-testnet.stellar.org/accounts/{account_id}/transactions{?cursor,limit,order}",
              "templated": true
            },
            "assets": {
              "href": "https://horizon-testnet.stellar.org/assets{?asset_code,asset_issuer,cursor,limit,order}",
              "templated": true
            },
            "friendbot": {
              "href": "https://friendbot.stellar.org/{?addr}",
              "templated": true
            },
            "offer": {
              "href": "https://horizon-testnet.stellar.org/offers/{offer_id}",
              "templated": true
            },
            "offers": {
              "href": "https://horizon-testnet.stellar.org/offers{?selling,buying,seller,cursor,limit,order}",
              "templated": true
            },
            "order_book": {
              "href": "https://horizon-testnet.stellar.org/order_book{?selling_asset_type,selling_asset_code,selling_asset_issuer,buying_asset_type,buying_asset_code,buying_asset_issuer,limit}",
              "templated": true
            },
            "self": {
              "href": "https://horizon-testnet.stellar.org/"
            },
            "strict_receive_paths": {
              "href": "https://horizon-testnet.stellar.org/paths/strict-receive{?source_assets,source_account,destination_account,destination_asset_type,destination_asset_issuer,destination_asset_code,destination_amount}",
              "templated": true
            },
            "strict_send_paths": {
              "href": "https://horizon-testnet.stellar.org/paths/strict-send{?destination_account,destination_assets,source_asset_type,source_asset_issuer,source_asset_code,source_amount}",
              "templated": true
            },
            "transaction": {
              "href": "https://horizon-testnet.stellar.org/transactions/{hash}",
              "templated": true
            },
            "transactions": {
              "href": "https://horizon-testnet.stellar.org/transactions{?cursor,limit,order}",
              "templated": true
            }
          },
          "horizon_version": "1.0.1-2c2d8fb0c3ae0516dcbbb39f189ca00731c9c8c3",
          "core_version": "stellar-core 12.4.0 (c0136139802ac1a1ac8899424e7888fa9366414e)",
          "ingest_latest_ledger": 988991,
          "history_latest_ledger": 988991,
          "history_elder_ledger": 1,
          "core_latest_ledger": 988991,
          "network_passphrase": "Test SDF Network ; September 2015",
          "current_protocol_version": 12,
          "core_supported_protocol_version": 12
        }
    http_version: 
  recorded_at: Tue, 31 Mar 2020 19:10:56 GMT
- request:
    method: get
    uri: https://horizon-testnet.stellar.org/accounts/[source_address]
    body:
      encoding: US-ASCII
      string: ''
    headers:
      User-Agent:
      - Faraday v0.17.3
      Accept:
      - application/hal+json,application/problem+json,application/json
      X-Client-Name:
      - ruby-stellar-sdk
      X-Client-Version:
      - 0.8.0
  response:
    status:
      code: 200
      message: OK
    headers:
      Cache-Control:
      - no-cache, no-store, max-age=0
      Content-Disposition:
      - inline
      Content-Type:
      - application/hal+json; charset=utf-8
      Date:
      - Tue, 31 Mar 2020 19:10:57 GMT
      Latest-Ledger:
      - '988991'
      Vary:
      - Origin
      X-Ratelimit-Limit:
      - '101'
      X-Ratelimit-Remaining:
      - '100'
      X-Ratelimit-Reset:
      - '1'
      Content-Length:
      - '2386'
      Connection:
      - keep-alive
    body:
      encoding: ASCII-8BIT
      string: |-
        {
          "_links": {
            "self": {
              "href": "https://horizon-testnet.stellar.org/accounts/[source_address]"
            },
            "transactions": {
              "href": "https://horizon-testnet.stellar.org/accounts/[source_address]/transactions{?cursor,limit,order}",
              "templated": true
            },
            "operations": {
              "href": "https://horizon-testnet.stellar.org/accounts/[source_address]/operations{?cursor,limit,order}",
              "templated": true
            },
            "payments": {
              "href": "https://horizon-testnet.stellar.org/accounts/[source_address]/payments{?cursor,limit,order}",
              "templated": true
            },
            "effects": {
              "href": "https://horizon-testnet.stellar.org/accounts/[source_address]/effects{?cursor,limit,order}",
              "templated": true
            },
            "offers": {
              "href": "https://horizon-testnet.stellar.org/accounts/[source_address]/offers{?cursor,limit,order}",
              "templated": true
            },
            "trades": {
              "href": "https://horizon-testnet.stellar.org/accounts/[source_address]/trades{?cursor,limit,order}",
              "templated": true
            },
            "data": {
              "href": "https://horizon-testnet.stellar.org/accounts/[source_address]/data/{key}",
              "templated": true
            }
          },
          "id": "[source_address]",
          "account_id": "[source_address]",
          "sequence": "3030756557324298",
          "subentry_count": 0,
          "last_modified_ledger": 988991,
          "thresholds": {
            "low_threshold": 0,
            "med_threshold": 0,
            "high_threshold": 0
          },
          "flags": {
            "auth_required": false,
            "auth_revocable": false,
            "auth_immutable": false
          },
          "balances": [
            {
              "balance": "9493.8999000",
              "buying_liabilities": "0.0000000",
              "selling_liabilities": "0.0000000",
              "asset_type": "native"
            }
          ],
          "signers": [
            {
              "weight": 1,
              "key": "[source_address]",
              "type": "ed25519_public_key"
            }
          ],
          "data": {},
          "paging_token": "[source_address]"
        }
    http_version: 
  recorded_at: Tue, 31 Mar 2020 19:10:57 GMT
- request:
    method: post
    uri: https://horizon-testnet.stellar.org/transactions
    body:
      encoding: UTF-8
      string: tx=AAAAAJA8Jibp68sQkog4sikMusVOeuhVzZVx9r9Vrb0oBNloAAAAZAAKxHUAAAALAAAAAAAAAAAAAAABAAAAAAAAAAAAAAAAxmiQHRP0YXQnHxZhib5fcfqDSx8MJpJVJMDZzVGIan4AAAAAATEtAAAAAAAAAAABKATZaAAAAEAH85uy9aG0rTTWzByhSjL4Tr45fHsC%2Fj%2BrhgoH%2FDbQVYJp8yeJpQGSk05Tu8FvVq6ZcLNxcEOtGPHu%2Fgt3l3MF
    headers:
      User-Agent:
      - Faraday v0.17.3
      Accept:
      - application/hal+json,application/problem+json,application/json
      X-Client-Name:
      - ruby-stellar-sdk
      X-Client-Version:
      - 0.8.0
      Content-Type:
      - application/x-www-form-urlencoded
  response:
    status:
      code: 200
      message: OK
    headers:
      Cache-Control:
      - no-cache, no-store, max-age=0
      Content-Disposition:
      - inline
      Content-Type:
      - application/hal+json; charset=utf-8
      Date:
      - Tue, 31 Mar 2020 19:11:01 GMT
      Vary:
      - Origin
      X-Ratelimit-Limit:
      - '101'
      X-Ratelimit-Remaining:
      - '100'
      X-Ratelimit-Reset:
      - '1'
      Content-Length:
      - '1307'
      Connection:
      - keep-alive
    body:
      encoding: ASCII-8BIT
      string: |-
        {
          "_links": {
            "transaction": {
              "href": "https://horizon-testnet.stellar.org/transactions/affdba4d060e4bcc06fdf3fd355aaffeb68529c2475a3fe18758938767771da4"
            }
          },
          "hash": "affdba4d060e4bcc06fdf3fd355aaffeb68529c2475a3fe18758938767771da4",
          "ledger": 988992,
          "envelope_xdr": "AAAAAJA8Jibp68sQkog4sikMusVOeuhVzZVx9r9Vrb0oBNloAAAAZAAKxHUAAAALAAAAAAAAAAAAAAABAAAAAAAAAAAAAAAAxmiQHRP0YXQnHxZhib5fcfqDSx8MJpJVJMDZzVGIan4AAAAAATEtAAAAAAAAAAABKATZaAAAAEAH85uy9aG0rTTWzByhSjL4Tr45fHsC/j+rhgoH/DbQVYJp8yeJpQGSk05Tu8FvVq6ZcLNxcEOtGPHu/gt3l3MF",
          "result_xdr": "AAAAAAAAAGQAAAAAAAAAAQAAAAAAAAAAAAAAAAAAAAA=",
          "result_meta_xdr": "AAAAAQAAAAIAAAADAA8XQAAAAAAAAAAAkDwmJunryxCSiDiyKQy6xU566FXNlXH2v1WtvSgE2WgAAAAWGs4odAAKxHUAAAAKAAAAAAAAAAAAAAAAAAAAAAEAAAAAAAAAAAAAAAAAAAAAAAABAA8XQAAAAAAAAAAAkDwmJunryxCSiDiyKQy6xU566FXNlXH2v1WtvSgE2WgAAAAWGs4odAAKxHUAAAALAAAAAAAAAAAAAAAAAAAAAAEAAAAAAAAAAAAAAAAAAAAAAAABAAAAAwAAAAMADxdAAAAAAAAAAACQPCYm6evLEJKIOLIpDLrFTnroVc2Vcfa/Va29KATZaAAAABYazih0AArEdQAAAAsAAAAAAAAAAAAAAAAAAAAAAQAAAAAAAAAAAAAAAAAAAAAAAAEADxdAAAAAAAAAAACQPCYm6evLEJKIOLIpDLrFTnroVc2Vcfa/Va29KATZaAAAABYZnPt0AArEdQAAAAsAAAAAAAAAAAAAAAAAAAAAAQAAAAAAAAAAAAAAAAAAAAAAAAAADxdAAAAAAAAAAADGaJAdE/RhdCcfFmGJvl9x+oNLHwwmklUkwNnNUYhqfgAAAAABMS0AAA8XQAAAAAAAAAAAAAAAAAAAAAAAAAAAAQAAAAAAAAAAAAAAAAAAAA=="
        }
    http_version: 
  recorded_at: Tue, 31 Mar 2020 19:11:01 GMT
- request:
    method: get
    uri: https://horizon-testnet.stellar.org/accounts/GDDGREA5CP2GC5BHD4LGDCN6L5Y7VA2LD4GCNESVETANTTKRRBVH4F2R
    body:
      encoding: US-ASCII
      string: ''
    headers:
      User-Agent:
      - Faraday v0.17.3
      Accept:
      - application/hal+json,application/problem+json,application/json
      X-Client-Name:
      - ruby-stellar-sdk
      X-Client-Version:
      - 0.8.0
  response:
    status:
      code: 200
      message: OK
    headers:
      Cache-Control:
      - no-cache, no-store, max-age=0
      Content-Disposition:
      - inline
      Content-Type:
      - application/hal+json; charset=utf-8
      Date:
      - Tue, 31 Mar 2020 19:11:01 GMT
      Latest-Ledger:
      - '988992'
      Vary:
      - Origin
      X-Ratelimit-Limit:
      - '101'
      X-Ratelimit-Remaining:
      - '100'
      X-Ratelimit-Reset:
      - '1'
      Content-Length:
      - '2383'
      Connection:
      - keep-alive
    body:
      encoding: ASCII-8BIT
      string: |-
        {
          "_links": {
            "self": {
              "href": "https://horizon-testnet.stellar.org/accounts/GDDGREA5CP2GC5BHD4LGDCN6L5Y7VA2LD4GCNESVETANTTKRRBVH4F2R"
            },
            "transactions": {
              "href": "https://horizon-testnet.stellar.org/accounts/GDDGREA5CP2GC5BHD4LGDCN6L5Y7VA2LD4GCNESVETANTTKRRBVH4F2R/transactions{?cursor,limit,order}",
              "templated": true
            },
            "operations": {
              "href": "https://horizon-testnet.stellar.org/accounts/GDDGREA5CP2GC5BHD4LGDCN6L5Y7VA2LD4GCNESVETANTTKRRBVH4F2R/operations{?cursor,limit,order}",
              "templated": true
            },
            "payments": {
              "href": "https://horizon-testnet.stellar.org/accounts/GDDGREA5CP2GC5BHD4LGDCN6L5Y7VA2LD4GCNESVETANTTKRRBVH4F2R/payments{?cursor,limit,order}",
              "templated": true
            },
            "effects": {
              "href": "https://horizon-testnet.stellar.org/accounts/GDDGREA5CP2GC5BHD4LGDCN6L5Y7VA2LD4GCNESVETANTTKRRBVH4F2R/effects{?cursor,limit,order}",
              "templated": true
            },
            "offers": {
              "href": "https://horizon-testnet.stellar.org/accounts/GDDGREA5CP2GC5BHD4LGDCN6L5Y7VA2LD4GCNESVETANTTKRRBVH4F2R/offers{?cursor,limit,order}",
              "templated": true
            },
            "trades": {
              "href": "https://horizon-testnet.stellar.org/accounts/GDDGREA5CP2GC5BHD4LGDCN6L5Y7VA2LD4GCNESVETANTTKRRBVH4F2R/trades{?cursor,limit,order}",
              "templated": true
            },
            "data": {
              "href": "https://horizon-testnet.stellar.org/accounts/GDDGREA5CP2GC5BHD4LGDCN6L5Y7VA2LD4GCNESVETANTTKRRBVH4F2R/data/{key}",
              "templated": true
            }
          },
          "id": "GDDGREA5CP2GC5BHD4LGDCN6L5Y7VA2LD4GCNESVETANTTKRRBVH4F2R",
          "account_id": "GDDGREA5CP2GC5BHD4LGDCN6L5Y7VA2LD4GCNESVETANTTKRRBVH4F2R",
          "sequence": "4247688296005632",
          "subentry_count": 0,
          "last_modified_ledger": 988992,
          "thresholds": {
            "low_threshold": 0,
            "med_threshold": 0,
            "high_threshold": 0
          },
          "flags": {
            "auth_required": false,
            "auth_revocable": false,
            "auth_immutable": false
          },
          "balances": [
            {
              "balance": "2.0000000",
              "buying_liabilities": "0.0000000",
              "selling_liabilities": "0.0000000",
              "asset_type": "native"
            }
          ],
          "signers": [
            {
              "weight": 1,
              "key": "GDDGREA5CP2GC5BHD4LGDCN6L5Y7VA2LD4GCNESVETANTTKRRBVH4F2R",
              "type": "ed25519_public_key"
            }
          ],
          "data": {},
          "paging_token": "GDDGREA5CP2GC5BHD4LGDCN6L5Y7VA2LD4GCNESVETANTTKRRBVH4F2R"
        }
    http_version: 
  recorded_at: Tue, 31 Mar 2020 19:11:01 GMT
- request:
    method: post
    uri: https://horizon-testnet.stellar.org/transactions
    body:
      encoding: UTF-8
      string: tx=AAAAAMZokB0T9GF0Jx8WYYm%2BX3H6g0sfDCaSVSTA2c1RiGp%2BAAAAZAAPF0AAAAABAAAAAAAAAAAAAAABAAAAAAAAAAYAAAACTE9OR05BTUUAAAAAAAAAAJA8Jibp68sQkog4sikMusVOeuhVzZVx9r9Vrb0oBNlof%2F%2F%2F%2F%2F%2F%2F%2F%2F8AAAAAAAAAAVGIan4AAABAq35xshDUbQzlSUYpNjXxhEiLo%2BlNrz8T%2BoUGe4w44XM7c4xfJRNzzNpqJ%2B17ymjrUbZZmNsF%2BPS37dAZaszyCA%3D%3D
    headers:
      User-Agent:
      - Faraday v0.17.3
      Accept:
      - application/hal+json,application/problem+json,application/json
      X-Client-Name:
      - ruby-stellar-sdk
      X-Client-Version:
      - 0.8.0
      Content-Type:
      - application/x-www-form-urlencoded
  response:
    status:
      code: 200
      message: OK
    headers:
      Cache-Control:
      - no-cache, no-store, max-age=0
      Content-Disposition:
      - inline
      Content-Type:
      - application/hal+json; charset=utf-8
      Date:
      - Tue, 31 Mar 2020 19:11:06 GMT
      Vary:
      - Origin
      X-Ratelimit-Limit:
      - '101'
      X-Ratelimit-Remaining:
      - '100'
      X-Ratelimit-Reset:
      - '1'
      Content-Length:
      - '1371'
      Connection:
      - keep-alive
    body:
      encoding: ASCII-8BIT
      string: |-
        {
          "_links": {
            "transaction": {
              "href": "https://horizon-testnet.stellar.org/transactions/e4599f57f0bea0a878259bb94f1018f49fb6a4749add2b2f368a99153498a71e"
            }
          },
          "hash": "e4599f57f0bea0a878259bb94f1018f49fb6a4749add2b2f368a99153498a71e",
          "ledger": 988993,
          "envelope_xdr": "AAAAAMZokB0T9GF0Jx8WYYm+X3H6g0sfDCaSVSTA2c1RiGp+AAAAZAAPF0AAAAABAAAAAAAAAAAAAAABAAAAAAAAAAYAAAACTE9OR05BTUUAAAAAAAAAAJA8Jibp68sQkog4sikMusVOeuhVzZVx9r9Vrb0oBNlof/////////8AAAAAAAAAAVGIan4AAABAq35xshDUbQzlSUYpNjXxhEiLo+lNrz8T+oUGe4w44XM7c4xfJRNzzNpqJ+17ymjrUbZZmNsF+PS37dAZaszyCA==",
          "result_xdr": "AAAAAAAAAGQAAAAAAAAAAQAAAAAAAAAGAAAAAAAAAAA=",
          "result_meta_xdr": "AAAAAQAAAAIAAAADAA8XQQAAAAAAAAAAxmiQHRP0YXQnHxZhib5fcfqDSx8MJpJVJMDZzVGIan4AAAAAATEsnAAPF0AAAAAAAAAAAAAAAAAAAAAAAAAAAAEAAAAAAAAAAAAAAAAAAAAAAAABAA8XQQAAAAAAAAAAxmiQHRP0YXQnHxZhib5fcfqDSx8MJpJVJMDZzVGIan4AAAAAATEsnAAPF0AAAAABAAAAAAAAAAAAAAAAAAAAAAEAAAAAAAAAAAAAAAAAAAAAAAABAAAAAwAAAAMADxdBAAAAAAAAAADGaJAdE/RhdCcfFmGJvl9x+oNLHwwmklUkwNnNUYhqfgAAAAABMSycAA8XQAAAAAEAAAAAAAAAAAAAAAAAAAAAAQAAAAAAAAAAAAAAAAAAAAAAAAEADxdBAAAAAAAAAADGaJAdE/RhdCcfFmGJvl9x+oNLHwwmklUkwNnNUYhqfgAAAAABMSycAA8XQAAAAAEAAAABAAAAAAAAAAAAAAAAAQAAAAAAAAAAAAAAAAAAAAAAAAAADxdBAAAAAQAAAADGaJAdE/RhdCcfFmGJvl9x+oNLHwwmklUkwNnNUYhqfgAAAAJMT05HTkFNRQAAAAAAAAAAkDwmJunryxCSiDiyKQy6xU566FXNlXH2v1WtvSgE2WgAAAAAAAAAAH//////////AAAAAQAAAAAAAAAA"
        }
    http_version: 
  recorded_at: Tue, 31 Mar 2020 19:11:06 GMT
- request:
    method: get
    uri: https://horizon-testnet.stellar.org/accounts/[source_address]
    body:
      encoding: US-ASCII
      string: ''
    headers:
      User-Agent:
      - Faraday v0.17.3
      Accept:
      - application/hal+json,application/problem+json,application/json
      X-Client-Name:
      - ruby-stellar-sdk
      X-Client-Version:
      - 0.8.0
  response:
    status:
      code: 200
      message: OK
    headers:
      Cache-Control:
      - no-cache, no-store, max-age=0
      Content-Disposition:
      - inline
      Content-Type:
      - application/hal+json; charset=utf-8
      Date:
      - Tue, 31 Mar 2020 19:11:06 GMT
      Latest-Ledger:
      - '988993'
      Vary:
      - Origin
      X-Ratelimit-Limit:
      - '101'
      X-Ratelimit-Remaining:
      - '100'
      X-Ratelimit-Reset:
      - '1'
      Content-Length:
      - '2386'
      Connection:
      - keep-alive
    body:
      encoding: ASCII-8BIT
      string: |-
        {
          "_links": {
            "self": {
              "href": "https://horizon-testnet.stellar.org/accounts/[source_address]"
            },
            "transactions": {
              "href": "https://horizon-testnet.stellar.org/accounts/[source_address]/transactions{?cursor,limit,order}",
              "templated": true
            },
            "operations": {
              "href": "https://horizon-testnet.stellar.org/accounts/[source_address]/operations{?cursor,limit,order}",
              "templated": true
            },
            "payments": {
              "href": "https://horizon-testnet.stellar.org/accounts/[source_address]/payments{?cursor,limit,order}",
              "templated": true
            },
            "effects": {
              "href": "https://horizon-testnet.stellar.org/accounts/[source_address]/effects{?cursor,limit,order}",
              "templated": true
            },
            "offers": {
              "href": "https://horizon-testnet.stellar.org/accounts/[source_address]/offers{?cursor,limit,order}",
              "templated": true
            },
            "trades": {
              "href": "https://horizon-testnet.stellar.org/accounts/[source_address]/trades{?cursor,limit,order}",
              "templated": true
            },
            "data": {
              "href": "https://horizon-testnet.stellar.org/accounts/[source_address]/data/{key}",
              "templated": true
            }
          },
          "id": "[source_address]",
          "account_id": "[source_address]",
          "sequence": "3030756557324299",
          "subentry_count": 0,
          "last_modified_ledger": 988992,
          "thresholds": {
            "low_threshold": 0,
            "med_threshold": 0,
            "high_threshold": 0
          },
          "flags": {
            "auth_required": false,
            "auth_revocable": false,
            "auth_immutable": false
          },
          "balances": [
            {
              "balance": "9491.8998900",
              "buying_liabilities": "0.0000000",
              "selling_liabilities": "0.0000000",
              "asset_type": "native"
            }
          ],
          "signers": [
            {
              "weight": 1,
              "key": "[source_address]",
              "type": "ed25519_public_key"
            }
          ],
          "data": {},
          "paging_token": "[source_address]"
        }
    http_version: 
  recorded_at: Tue, 31 Mar 2020 19:11:06 GMT
- request:
    method: get
    uri: https://horizon-testnet.stellar.org/accounts/GDDGREA5CP2GC5BHD4LGDCN6L5Y7VA2LD4GCNESVETANTTKRRBVH4F2R
    body:
      encoding: US-ASCII
      string: ''
    headers:
      User-Agent:
      - Faraday v0.17.3
      Accept:
      - application/hal+json,application/problem+json,application/json
      X-Client-Name:
      - ruby-stellar-sdk
      X-Client-Version:
      - 0.8.0
  response:
    status:
      code: 200
      message: OK
    headers:
      Cache-Control:
      - no-cache, no-store, max-age=0
      Content-Disposition:
      - inline
      Content-Type:
      - application/hal+json; charset=utf-8
      Date:
      - Tue, 31 Mar 2020 19:11:06 GMT
      Latest-Ledger:
      - '988993'
      Vary:
      - Origin
      X-Ratelimit-Limit:
      - '101'
      X-Ratelimit-Remaining:
      - '100'
      X-Ratelimit-Reset:
      - '1'
      Content-Length:
      - '2769'
      Connection:
      - keep-alive
    body:
      encoding: ASCII-8BIT
      string: |-
        {
          "_links": {
            "self": {
              "href": "https://horizon-testnet.stellar.org/accounts/GDDGREA5CP2GC5BHD4LGDCN6L5Y7VA2LD4GCNESVETANTTKRRBVH4F2R"
            },
            "transactions": {
              "href": "https://horizon-testnet.stellar.org/accounts/GDDGREA5CP2GC5BHD4LGDCN6L5Y7VA2LD4GCNESVETANTTKRRBVH4F2R/transactions{?cursor,limit,order}",
              "templated": true
            },
            "operations": {
              "href": "https://horizon-testnet.stellar.org/accounts/GDDGREA5CP2GC5BHD4LGDCN6L5Y7VA2LD4GCNESVETANTTKRRBVH4F2R/operations{?cursor,limit,order}",
              "templated": true
            },
            "payments": {
              "href": "https://horizon-testnet.stellar.org/accounts/GDDGREA5CP2GC5BHD4LGDCN6L5Y7VA2LD4GCNESVETANTTKRRBVH4F2R/payments{?cursor,limit,order}",
              "templated": true
            },
            "effects": {
              "href": "https://horizon-testnet.stellar.org/accounts/GDDGREA5CP2GC5BHD4LGDCN6L5Y7VA2LD4GCNESVETANTTKRRBVH4F2R/effects{?cursor,limit,order}",
              "templated": true
            },
            "offers": {
              "href": "https://horizon-testnet.stellar.org/accounts/GDDGREA5CP2GC5BHD4LGDCN6L5Y7VA2LD4GCNESVETANTTKRRBVH4F2R/offers{?cursor,limit,order}",
              "templated": true
            },
            "trades": {
              "href": "https://horizon-testnet.stellar.org/accounts/GDDGREA5CP2GC5BHD4LGDCN6L5Y7VA2LD4GCNESVETANTTKRRBVH4F2R/trades{?cursor,limit,order}",
              "templated": true
            },
            "data": {
              "href": "https://horizon-testnet.stellar.org/accounts/GDDGREA5CP2GC5BHD4LGDCN6L5Y7VA2LD4GCNESVETANTTKRRBVH4F2R/data/{key}",
              "templated": true
            }
          },
          "id": "GDDGREA5CP2GC5BHD4LGDCN6L5Y7VA2LD4GCNESVETANTTKRRBVH4F2R",
          "account_id": "GDDGREA5CP2GC5BHD4LGDCN6L5Y7VA2LD4GCNESVETANTTKRRBVH4F2R",
          "sequence": "4247688296005633",
          "subentry_count": 1,
          "last_modified_ledger": 988993,
          "thresholds": {
            "low_threshold": 0,
            "med_threshold": 0,
            "high_threshold": 0
          },
          "flags": {
            "auth_required": false,
            "auth_revocable": false,
            "auth_immutable": false
          },
          "balances": [
            {
              "balance": "0.0000000",
              "limit": "922337203685.4775807",
              "buying_liabilities": "0.0000000",
              "selling_liabilities": "0.0000000",
              "last_modified_ledger": 988993,
              "is_authorized": true,
              "asset_type": "credit_alphanum12",
              "asset_code": "LONGNAME",
              "asset_issuer": "[source_address]"
            },
            {
              "balance": "1.9999900",
              "buying_liabilities": "0.0000000",
              "selling_liabilities": "0.0000000",
              "asset_type": "native"
            }
          ],
          "signers": [
            {
              "weight": 1,
              "key": "GDDGREA5CP2GC5BHD4LGDCN6L5Y7VA2LD4GCNESVETANTTKRRBVH4F2R",
              "type": "ed25519_public_key"
            }
          ],
          "data": {},
          "paging_token": "GDDGREA5CP2GC5BHD4LGDCN6L5Y7VA2LD4GCNESVETANTTKRRBVH4F2R"
        }
    http_version: 
  recorded_at: Tue, 31 Mar 2020 19:11:06 GMT
- request:
    method: post
    uri: https://horizon-testnet.stellar.org/transactions
    body:
      encoding: UTF-8
      string: tx=AAAAAJA8Jibp68sQkog4sikMusVOeuhVzZVx9r9Vrb0oBNloAAAAZAAKxHUAAAAMAAAAAAAAAAAAAAABAAAAAQAAAACQPCYm6evLEJKIOLIpDLrFTnroVc2Vcfa%2FVa29KATZaAAAAAEAAAAAxmiQHRP0YXQnHxZhib5fcfqDSx8MJpJVJMDZzVGIan4AAAACTE9OR05BTUUAAAAAAAAAAJA8Jibp68sQkog4sikMusVOeuhVzZVx9r9Vrb0oBNloAAAAAFloLwAAAAAAAAAAASgE2WgAAABAv%2BOANxJWAK54Q9DccXgv8Dayl99uIkPuG9xaIvI3u98%2F%2FhPaNNgtcHvQKBJB6zZDuweUrRq6MjpDd9o2tAVyAA%3D%3D
    headers:
      User-Agent:
      - Faraday v0.17.3
      Accept:
      - application/hal+json,application/problem+json,application/json
      X-Client-Name:
      - ruby-stellar-sdk
      X-Client-Version:
      - 0.8.0
      Content-Type:
      - application/x-www-form-urlencoded
  response:
    status:
      code: 200
      message: OK
    headers:
      Cache-Control:
      - no-cache, no-store, max-age=0
      Content-Disposition:
      - inline
      Content-Type:
      - application/hal+json; charset=utf-8
      Date:
      - Tue, 31 Mar 2020 19:11:12 GMT
      Vary:
      - Origin
      X-Ratelimit-Limit:
      - '101'
      X-Ratelimit-Remaining:
      - '100'
      X-Ratelimit-Reset:
      - '1'
      Content-Length:
      - '1383'
      Connection:
      - keep-alive
    body:
      encoding: ASCII-8BIT
      string: |-
        {
          "_links": {
            "transaction": {
              "href": "https://horizon-testnet.stellar.org/transactions/a481b537e48c6b7fc9bfebc03abfe5f40407bce54b3d0078ce6be9ab7815ed18"
            }
          },
          "hash": "a481b537e48c6b7fc9bfebc03abfe5f40407bce54b3d0078ce6be9ab7815ed18",
          "ledger": 988994,
          "envelope_xdr": "AAAAAJA8Jibp68sQkog4sikMusVOeuhVzZVx9r9Vrb0oBNloAAAAZAAKxHUAAAAMAAAAAAAAAAAAAAABAAAAAQAAAACQPCYm6evLEJKIOLIpDLrFTnroVc2Vcfa/Va29KATZaAAAAAEAAAAAxmiQHRP0YXQnHxZhib5fcfqDSx8MJpJVJMDZzVGIan4AAAACTE9OR05BTUUAAAAAAAAAAJA8Jibp68sQkog4sikMusVOeuhVzZVx9r9Vrb0oBNloAAAAAFloLwAAAAAAAAAAASgE2WgAAABAv+OANxJWAK54Q9DccXgv8Dayl99uIkPuG9xaIvI3u98//hPaNNgtcHvQKBJB6zZDuweUrRq6MjpDd9o2tAVyAA==",
          "result_xdr": "AAAAAAAAAGQAAAAAAAAAAQAAAAAAAAABAAAAAAAAAAA=",
          "result_meta_xdr": "AAAAAQAAAAIAAAADAA8XQgAAAAAAAAAAkDwmJunryxCSiDiyKQy6xU566FXNlXH2v1WtvSgE2WgAAAAWGZz7EAAKxHUAAAALAAAAAAAAAAAAAAAAAAAAAAEAAAAAAAAAAAAAAAAAAAAAAAABAA8XQgAAAAAAAAAAkDwmJunryxCSiDiyKQy6xU566FXNlXH2v1WtvSgE2WgAAAAWGZz7EAAKxHUAAAAMAAAAAAAAAAAAAAAAAAAAAAEAAAAAAAAAAAAAAAAAAAAAAAABAAAAAgAAAAMADxdBAAAAAQAAAADGaJAdE/RhdCcfFmGJvl9x+oNLHwwmklUkwNnNUYhqfgAAAAJMT05HTkFNRQAAAAAAAAAAkDwmJunryxCSiDiyKQy6xU566FXNlXH2v1WtvSgE2WgAAAAAAAAAAH//////////AAAAAQAAAAAAAAAAAAAAAQAPF0IAAAABAAAAAMZokB0T9GF0Jx8WYYm+X3H6g0sfDCaSVSTA2c1RiGp+AAAAAkxPTkdOQU1FAAAAAAAAAACQPCYm6evLEJKIOLIpDLrFTnroVc2Vcfa/Va29KATZaAAAAABZaC8Af/////////8AAAABAAAAAAAAAAA="
        }
    http_version: 
  recorded_at: Tue, 31 Mar 2020 19:11:12 GMT
- request:
    method: get
    uri: https://horizon-testnet.stellar.org/accounts/GDDGREA5CP2GC5BHD4LGDCN6L5Y7VA2LD4GCNESVETANTTKRRBVH4F2R
    body:
      encoding: US-ASCII
      string: ''
    headers:
      User-Agent:
      - Faraday v0.17.3
      Accept:
      - application/hal+json,application/problem+json,application/json
      X-Client-Name:
      - ruby-stellar-sdk
      X-Client-Version:
      - 0.8.0
  response:
    status:
      code: 200
      message: OK
    headers:
      Cache-Control:
      - no-cache, no-store, max-age=0
      Content-Disposition:
      - inline
      Content-Type:
      - application/hal+json; charset=utf-8
      Date:
      - Tue, 31 Mar 2020 19:11:12 GMT
      Latest-Ledger:
      - '988994'
      Vary:
      - Origin
      X-Ratelimit-Limit:
      - '101'
      X-Ratelimit-Remaining:
      - '100'
      X-Ratelimit-Reset:
      - '1'
      Content-Length:
      - '2771'
      Connection:
      - keep-alive
    body:
      encoding: ASCII-8BIT
      string: |-
        {
          "_links": {
            "self": {
              "href": "https://horizon-testnet.stellar.org/accounts/GDDGREA5CP2GC5BHD4LGDCN6L5Y7VA2LD4GCNESVETANTTKRRBVH4F2R"
            },
            "transactions": {
              "href": "https://horizon-testnet.stellar.org/accounts/GDDGREA5CP2GC5BHD4LGDCN6L5Y7VA2LD4GCNESVETANTTKRRBVH4F2R/transactions{?cursor,limit,order}",
              "templated": true
            },
            "operations": {
              "href": "https://horizon-testnet.stellar.org/accounts/GDDGREA5CP2GC5BHD4LGDCN6L5Y7VA2LD4GCNESVETANTTKRRBVH4F2R/operations{?cursor,limit,order}",
              "templated": true
            },
            "payments": {
              "href": "https://horizon-testnet.stellar.org/accounts/GDDGREA5CP2GC5BHD4LGDCN6L5Y7VA2LD4GCNESVETANTTKRRBVH4F2R/payments{?cursor,limit,order}",
              "templated": true
            },
            "effects": {
              "href": "https://horizon-testnet.stellar.org/accounts/GDDGREA5CP2GC5BHD4LGDCN6L5Y7VA2LD4GCNESVETANTTKRRBVH4F2R/effects{?cursor,limit,order}",
              "templated": true
            },
            "offers": {
              "href": "https://horizon-testnet.stellar.org/accounts/GDDGREA5CP2GC5BHD4LGDCN6L5Y7VA2LD4GCNESVETANTTKRRBVH4F2R/offers{?cursor,limit,order}",
              "templated": true
            },
            "trades": {
              "href": "https://horizon-testnet.stellar.org/accounts/GDDGREA5CP2GC5BHD4LGDCN6L5Y7VA2LD4GCNESVETANTTKRRBVH4F2R/trades{?cursor,limit,order}",
              "templated": true
            },
            "data": {
              "href": "https://horizon-testnet.stellar.org/accounts/GDDGREA5CP2GC5BHD4LGDCN6L5Y7VA2LD4GCNESVETANTTKRRBVH4F2R/data/{key}",
              "templated": true
            }
          },
          "id": "GDDGREA5CP2GC5BHD4LGDCN6L5Y7VA2LD4GCNESVETANTTKRRBVH4F2R",
          "account_id": "GDDGREA5CP2GC5BHD4LGDCN6L5Y7VA2LD4GCNESVETANTTKRRBVH4F2R",
          "sequence": "4247688296005633",
          "subentry_count": 1,
          "last_modified_ledger": 988993,
          "thresholds": {
            "low_threshold": 0,
            "med_threshold": 0,
            "high_threshold": 0
          },
          "flags": {
            "auth_required": false,
            "auth_revocable": false,
            "auth_immutable": false
          },
          "balances": [
            {
              "balance": "150.0000000",
              "limit": "922337203685.4775807",
              "buying_liabilities": "0.0000000",
              "selling_liabilities": "0.0000000",
              "last_modified_ledger": 988994,
              "is_authorized": true,
              "asset_type": "credit_alphanum12",
              "asset_code": "LONGNAME",
              "asset_issuer": "[source_address]"
            },
            {
              "balance": "1.9999900",
              "buying_liabilities": "0.0000000",
              "selling_liabilities": "0.0000000",
              "asset_type": "native"
            }
          ],
          "signers": [
            {
              "weight": 1,
              "key": "GDDGREA5CP2GC5BHD4LGDCN6L5Y7VA2LD4GCNESVETANTTKRRBVH4F2R",
              "type": "ed25519_public_key"
            }
          ],
          "data": {},
          "paging_token": "GDDGREA5CP2GC5BHD4LGDCN6L5Y7VA2LD4GCNESVETANTTKRRBVH4F2R"
        }
    http_version: 
  recorded_at: Tue, 31 Mar 2020 19:11:12 GMT
recorded_with: VCR 3.0.3
